../Core/Src/main.c:91:5:main	4344	static
../Core/Src/main.c:204:6:SystemClock_Config	88	static
../Core/Src/main.c:255:6:PeriphCommonClock_Config	144	static
../Core/Src/main.c:280:13:MX_I2C3_Init	8	static
../Core/Src/main.c:328:13:MX_RTC_Init	8	static
../Core/Src/main.c:363:13:MX_SAI2_Init	8	static
../Core/Src/main.c:438:13:MX_SDMMC1_SD_Init	4	static
../Core/Src/main.c:466:13:MX_TIM1_Init	96	static
../Core/Src/main.c:535:13:MX_GPIO_Init	56	static
../Core/Src/main.c:576:6:StartDefaultTask	16	static
../Core/Src/main.c:591:6:Error_Handler	4	static,ignoring_inline_asm
