../Core/Src/stm32f7xx_it.c:72:6:NMI_Handler	4	static
../Core/Src/stm32f7xx_it.c:87:6:HardFault_Handler	4	static
../Core/Src/stm32f7xx_it.c:102:6:MemManage_Handler	4	static
../Core/Src/stm32f7xx_it.c:117:6:BusFault_Handler	4	static
../Core/Src/stm32f7xx_it.c:132:6:UsageFault_Handler	4	static
../Core/Src/stm32f7xx_it.c:147:6:DebugMon_Handler	4	static
../Core/Src/stm32f7xx_it.c:160:6:SysTick_Handler	8	static
../Core/Src/stm32f7xx_it.c:189:6:TIM1_UP_TIM10_IRQHandler	8	static
../Core/Src/stm32f7xx_it.c:203:6:I2C3_EV_IRQHandler	8	static
